---
source: tests/search_golden.rs
expression: citations(&hits)
---
[
  {
    "chunk_id": 8589934593,
    "heading_path": "Authentication > Refreshing tokens",
    "lines": [
      5,
      11
    ],
    "path": "auth/token-refresh.md"
  },
  {
    "chunk_id": 8589934592,
    "heading_path": "Authentication",
    "lines": [
      1,
      4
    ],
    "path": "auth/token-refresh.md"
  },
  {
    "chunk_id": 8589934594,
    "heading_path": "Authentication > Revocation",
    "lines": [
      12,
      14
    ],
    "path": "auth/token-refresh.md"
  }
]
