---
source: tests/search_golden.rs
expression: citations(&hits)
---
[
  {
    "chunk_id": 21474836481,
    "heading_path": "Sheet Metal Rules > Common errors",
    "lines": [
      5,
      17
    ],
    "path": "cad/sheet-metal-rules.md"
  },
  {
    "chunk_id": 25769803780,
    "heading_path": "Thickness > Body and component rule thickness",
    "lines": [
      5,
      5
    ],
    "path": "cad/thickness-glossary.md"
  },
  {
    "chunk_id": 25769803778,
    "heading_path": "Thickness > Body and component rule thickness",
    "lines": [
      5,
      5
    ],
    "path": "cad/thickness-glossary.md"
  }
]
