---
source: tests/search_golden.rs
assertion_line: 126
expression: hits
---
[
  {
    "chunk_id": 21474836481,
    "heading_path": "Sheet Metal Rules > Common errors",
    "lines": [
      5,
      17
    ],
    "path": "cad/sheet-metal-rules.md",
    "score": 56.12126159667969
  },
  {
    "chunk_id": 25769803777,
    "heading_path": "Thickness > Body and component rule thickness",
    "lines": [
      3,
      6
    ],
    "path": "cad/thickness-glossary.md",
    "score": 32.88945007324219
  },
  {
    "chunk_id": 21474836482,
    "heading_path": "Sheet Metal Rules > Diagnostics",
    "lines": [
      18,
      21
    ],
    "path": "cad/sheet-metal-rules.md",
    "score": 25.271564483642578
  }
]
